// Jest Snapshot v1, https://goo.gl/fbAQLP

exports[`NotFound Page should render the NotFound Page correctly 1`] = `
<div>
  <h3>
    No match for 
    <code />
  </h3>
</div>
`;
