// Jest Snapshot v1, https://goo.gl/fbAQLP

exports[`App component should render the App component correctly 1`] = `
<BrowserRouter>
  <Header />
  <div>
    <Routes />
  </div>
  <Footer />
</BrowserRouter>
`;
